============================= test session starts =============================
platform win32 -- Python 3.13.3, pytest-9.0.2, pluggy-1.6.0 -- C:\Users\patil\AppData\Local\Programs\Python\Python313\python.exe
cachedir: .pytest_cache
rootdir: C:\Users\patil\.gemini\antigravity\scratch\uae_einvoice_poc
configfile: pytest.ini
testpaths: tests
plugins: anyio-4.9.0, asyncio-1.3.0
asyncio: mode=Mode.STRICT, debug=False, asyncio_default_fixture_loop_scope=None, asyncio_default_test_loop_scope=function
collecting ... collected 23 items

tests/test_api_e2e.py::test_health_check PASSED                          [  4%]
tests/test_api_e2e.py::test_full_successful_invoice PASSED               [  8%]
tests/test_api_e2e.py::test_empty_payload_bug_hunt PASSED                [ 13%]
tests/test_api_e2e.py::test_b2b_vs_b2c_adapter_inference PASSED          [ 17%]
tests/test_api_e2e.py::test_asp_mock_endpoints PASSED                    [ 21%]
tests/test_api_e2e.py::test_group_e_negative_scenarios PASSED            [ 26%]
tests/test_api_e2e.py::test_fastapi_schema_422 PASSED                    [ 30%]
tests/test_deep_scan.py::test_credit_note_negative_quantity_allowed PASSED [ 34%]
tests/test_deep_scan.py::test_credit_note_invalid_uom_caught PASSED      [ 39%]
tests/test_deep_scan.py::test_tax_category_rate_mismatch PASSED          [ 43%]
tests/test_deep_scan.py::test_tax_category_E_and_O PASSED                [ 47%]
tests/test_performance.py::test_single_invoice_under_100ms FAILED        [ 52%]
tests/test_performance.py::test_50_sequential_invoices_under_5s FAILED   [ 56%]
tests/test_validation.py::test_valid_invoice PASSED                      [ 60%]
tests/test_validation.py::test_invalid_trn_format PASSED                 [ 65%]
tests/test_validation.py::test_calculation_mismatch PASSED               [ 69%]
tests/test_validation.py::test_b2b_conditional_rule_failure PASSED       [ 73%]
tests/test_validation.py::test_b2c_conditional_rule_success PASSED       [ 78%]
tests/test_validation.py::test_generic_adapter_b2c_inference FAILED      [ 82%]
tests/test_validation.py::test_generic_adapter_b2b_inference FAILED      [ 86%]
tests/test_validation.py::test_metrics_integrity PASSED                  [ 91%]
tests/test_validation.py::test_error_category_enum PASSED                [ 95%]
tests/test_validation.py::test_multi_line_aggregation PASSED             [100%]

================================== FAILURES ===================================
_______________________ test_single_invoice_under_100ms _______________________
tests\test_performance.py:39: in test_single_invoice_under_100ms
    assert r.status_code == 200
E   assert 401 == 200
E    +  where 401 = <Response [401 Unauthorized]>.status_code
---------------------------- Captured stdout call -----------------------------
{"status": 401, "duration_ms": 0.18, "event": "request_complete", "request_id": "682af6ef-63ac-4290-9343-ce81fca1d1fa", "path": "/api/v1/validate-invoice", "method": "POST", "tenant_id": "anonymous", "level": "info", "timestamp": "2026-04-02T19:23:20.208331Z"}
____________________ test_50_sequential_invoices_under_5s _____________________
tests\test_performance.py:51: in test_50_sequential_invoices_under_5s
    assert r.status_code == 200
E   assert 401 == 200
E    +  where 401 = <Response [401 Unauthorized]>.status_code
---------------------------- Captured stdout call -----------------------------
{"status": 401, "duration_ms": 0.14, "event": "request_complete", "request_id": "87a9fbc9-65b0-4122-9bcf-0aa38c8f4e0f", "path": "/api/v1/validate-invoice", "method": "POST", "tenant_id": "anonymous", "level": "info", "timestamp": "2026-04-02T19:23:20.346793Z"}
_____________________ test_generic_adapter_b2c_inference ______________________
tests\test_validation.py:62: in test_generic_adapter_b2c_inference
    invoice = adapter.transform(raw_payload)
              ^^^^^^^^^^^^^^^^^^^^^^^^^^^^^^
app\adapters\generic_erp.py:37: in transform
    return InvoicePayload(**data_copy)
           ^^^^^^^^^^^^^^^^^^^^^^^^^^^
E   pydantic_core._pydantic_core.ValidationError: 1 validation error for InvoicePayload
E   lines
E     Field required [type=missing, input_value={'invoice_number': 'INV-0...ransaction_type': 'B2C'}, input_type=dict]
E       For further information visit https://errors.pydantic.dev/2.12/v/missing
_____________________ test_generic_adapter_b2b_inference ______________________
tests\test_validation.py:71: in test_generic_adapter_b2b_inference
    invoice = adapter.transform(raw_payload)
              ^^^^^^^^^^^^^^^^^^^^^^^^^^^^^^
app\adapters\generic_erp.py:37: in transform
    return InvoicePayload(**data_copy)
           ^^^^^^^^^^^^^^^^^^^^^^^^^^^
E   pydantic_core._pydantic_core.ValidationError: 2 validation errors for InvoicePayload
E   invoice_date
E     Field required [type=missing, input_value={'invoice_number': 'INV-0...ransaction_type': 'B2B'}, input_type=dict]
E       For further information visit https://errors.pydantic.dev/2.12/v/missing
E   lines
E     Field required [type=missing, input_value={'invoice_number': 'INV-0...ransaction_type': 'B2B'}, input_type=dict]
E       For further information visit https://errors.pydantic.dev/2.12/v/missing
============================== warnings summary ===============================
app\core\config.py:3
  C:\Users\patil\.gemini\antigravity\scratch\uae_einvoice_poc\app\core\config.py:3: PydanticDeprecatedSince20: Support for class-based `config` is deprecated, use ConfigDict instead. Deprecated in Pydantic V2.0 to be removed in V3.0. See Pydantic V2 Migration Guide at https://errors.pydantic.dev/2.12/migration/
    class Settings(BaseSettings):

tests/test_api_e2e.py::test_asp_mock_endpoints
  C:\Users\patil\.gemini\antigravity\scratch\uae_einvoice_poc\app\api\asp_mock.py:34: DeprecationWarning: datetime.datetime.utcnow() is deprecated and scheduled for removal in a future version. Use timezone-aware objects to represent datetimes in UTC: datetime.datetime.now(datetime.UTC).
    timestamp=datetime.utcnow().isoformat()

tests/test_api_e2e.py::test_asp_mock_endpoints
  C:\Users\patil\.gemini\antigravity\scratch\uae_einvoice_poc\app\api\asp_mock.py:47: DeprecationWarning: datetime.datetime.utcnow() is deprecated and scheduled for removal in a future version. Use timezone-aware objects to represent datetimes in UTC: datetime.datetime.now(datetime.UTC).
    timestamp=datetime.utcnow().isoformat(),

-- Docs: https://docs.pytest.org/en/stable/how-to/capture-warnings.html
=========================== short test summary info ===========================
FAILED tests/test_performance.py::test_single_invoice_under_100ms - assert 40...
FAILED tests/test_performance.py::test_50_sequential_invoices_under_5s - asse...
FAILED tests/test_validation.py::test_generic_adapter_b2c_inference - pydanti...
FAILED tests/test_validation.py::test_generic_adapter_b2b_inference - pydanti...
================== 4 failed, 19 passed, 3 warnings in 0.36s ===================
